// Jest Snapshot v1, https://goo.gl/fbAQLP

exports[`AddTourForm renders successfully. 1`] = `
<section>
  <form
    onSubmit={[Function]}
  >
    <h3>
      Tour Name
    </h3>
    <label />
    <input
      name="name"
      onChange={[Function]}
      placeholder="Name of Tour"
      required={true}
      type="text"
    />
    <h3>
      Location
    </h3>
    <label />
    <input
      name="location"
      onChange={[Function]}
      placeholder="Tour Location"
      required={true}
      type="text"
      value=""
    />
    <h3>
      Description
    </h3>
    <label />
    <input
      name="description"
      onChange={[Function]}
      placeholder="Tour Description"
      required={true}
      type="text"
      value=""
    />
    <h3>
      Embed Url
    </h3>
    <label />
    <input
      name="videoUrl"
      onChange={[Function]}
      placeholder="Embed Link"
      required={true}
      type="url"
      value=""
    />
    <h3>
      Email
    </h3>
    <label />
    <input
      name="userEmail"
      onChange={[Function]}
      placeholder="email"
      required={true}
      type="email"
      value=""
    />
    <br />
    <br />
    <WithStyles(ForwardRef(Button))
      disabled={true}
      style={
        Object {
          "backgroundColor": "#FFF",
        }
      }
      type="submit"
    >
      Add Tour
    </WithStyles(ForwardRef(Button))>
  </form>
</section>
`;
