// Jest Snapshot v1, https://goo.gl/fbAQLP

exports[`CommentMod renders successfully 1`] = `
<div
  className="container"
>
  <h1>
    Comments!
  </h1>
  <hr />
  <br />
  <div
    className="commentBox"
  >
    <h2>
      Join the Discussion!
    </h2>
    <form
      className="commentForm"
      onSubmit={[Function]}
    >
      <WithStyles(ForwardRef(TextField))
        className="commentText"
        disabled={true}
        onChange={[Function]}
        placeholder="Drop a comment!"
        required={true}
        rows="2"
        type="text"
        value=""
      />
      <button
        disabled={true}
        type="submit"
      >
        Login to Comment!
      </button>
    </form>
    <div />
  </div>
</div>
`;
